Initialized native services in: C:\Users\EchoRan\.gradle\native
Initialized jansi services in: C:\Users\EchoRan\.gradle\native
Found daemon DaemonInfo{pid=12208, address=[d060831c-4e8c-4089-9068-ff07fa8385df port:61540, addresses:[/127.0.0.1]], state=Idle, lastBusy=1772383965089, context=DefaultDaemonContext[uid=8783761b-6364-48d3-b540-ba300ea7398e,javaHome=C:\Users\EchoRan\.trae-cn\extensions\redhat.java-1.53.0-win32-x64\jre\21.0.10-win32-x86_64,javaVersion=21,javaVendor=Eclipse Adoptium,daemonRegistryDir=C:\Users\EchoRan\.gradle\daemon,pid=12208,idleTimeout=10800000,priority=NORMAL,applyInstrumentationAgent=true,nativeServicesMode=ENABLED,daemonOpts=-Xmx2048m,-Dfile.encoding=UTF-8,-Duser.country=CN,-Duser.language=zh,-Duser.variant]} however its context does not match the desired criteria.
JVM is incompatible.
Wanted: DaemonRequestContext{jvmCriteria=C:\Program Files\Java\jdk-21 (no JDK specified, using current Java home), daemonOpts=[-Xmx2048m, -Dfile.encoding=UTF-8, -Duser.country=CN, -Duser.language=zh, -Duser.variant], applyInstrumentationAgent=true, nativeServicesMode=ENABLED, priority=NORMAL}
Actual: DefaultDaemonContext[uid=8783761b-6364-48d3-b540-ba300ea7398e,javaHome=C:\Users\EchoRan\.trae-cn\extensions\redhat.java-1.53.0-win32-x64\jre\21.0.10-win32-x86_64,javaVersion=21,javaVendor=Eclipse Adoptium,daemonRegistryDir=C:\Users\EchoRan\.gradle\daemon,pid=12208,idleTimeout=10800000,priority=NORMAL,applyInstrumentationAgent=true,nativeServicesMode=ENABLED,daemonOpts=-Xmx2048m,-Dfile.encoding=UTF-8,-Duser.country=CN,-Duser.language=zh,-Duser.variant]

  Looking for a different daemon...
Found daemon DaemonInfo{pid=14076, address=[e712994a-36a7-439e-90e2-717b1fc9bb6b port:57983, addresses:[/127.0.0.1]], state=Idle, lastBusy=1772383940446, context=DefaultDaemonContext[uid=2f6ca72b-fdf2-49bc-9b24-0259719a821f,javaHome=C:\Program Files\Android\Android Studio\jbr,javaVersion=21,javaVendor=JetBrains s.r.o.,daemonRegistryDir=C:\Users\EchoRan\.gradle\daemon,pid=14076,idleTimeout=10800000,priority=NORMAL,applyInstrumentationAgent=true,nativeServicesMode=ENABLED,daemonOpts=-Xmx2048m,-Dfile.encoding=UTF-8,-Duser.country=CN,-Duser.language=zh,-Duser.variant]} however its context does not match the desired criteria.
JVM is incompatible.
Wanted: DaemonRequestContext{jvmCriteria=C:\Program Files\Java\jdk-21 (no JDK specified, using current Java home), daemonOpts=[-Xmx2048m, -Dfile.encoding=UTF-8, -Duser.country=CN, -Duser.language=zh, -Duser.variant], applyInstrumentationAgent=true, nativeServicesMode=ENABLED, priority=NORMAL}
Actual: DefaultDaemonContext[uid=2f6ca72b-fdf2-49bc-9b24-0259719a821f,javaHome=C:\Program Files\Android\Android Studio\jbr,javaVersion=21,javaVendor=JetBrains s.r.o.,daemonRegistryDir=C:\Users\EchoRan\.gradle\daemon,pid=14076,idleTimeout=10800000,priority=NORMAL,applyInstrumentationAgent=true,nativeServicesMode=ENABLED,daemonOpts=-Xmx2048m,-Dfile.encoding=UTF-8,-Duser.country=CN,-Duser.language=zh,-Duser.variant]

  Looking for a different daemon...
The client will now receive all logging from the daemon (pid: 31564). The daemon log file: C:\Users\EchoRan\.gradle\daemon\9.1.0\daemon-31564.out.log
Starting 14th build in daemon [uptime: 23 mins 41.145 secs, performance: 99%, GC rate: 0.00/s, heap usage: 0% of 2 GiB]
Using 16 worker leases.
Now considering [D:\EchoRan\Documents\GitHub\Flow-Focus] as hierarchies to watch
Watching the file system is configured to be enabled if available
File system watching is active
Starting Build
Settings evaluated using settings file 'D:\EchoRan\Documents\GitHub\Flow-Focus\settings.gradle.kts'.
Projects loaded. Root project using build file 'D:\EchoRan\Documents\GitHub\Flow-Focus\build.gradle.kts'.
Included projects: [root project 'Flow Focus', project ':app']

> Configure project :
Evaluating root project 'Flow Focus' using build file 'D:\EchoRan\Documents\GitHub\Flow-Focus\build.gradle.kts'.
Resolved plugin [id: 'com.android.application', version: '8.7.3', apply: false]
Resolved plugin [id: 'org.jetbrains.kotlin.android', version: '2.0.21', apply: false]
Resolved plugin [id: 'org.jetbrains.kotlin.plugin.compose', version: '2.0.21', apply: false]
Resolved plugin [id: 'com.google.devtools.ksp', version: '2.0.21-1.0.25', apply: false]
Resolved plugin [id: 'com.google.dagger.hilt.android', version: '2.55', apply: false]

> Configure project :app
Evaluating project ':app' using build file 'D:\EchoRan\Documents\GitHub\Flow-Focus\app\build.gradle.kts'.
Resolved plugin [id: 'com.android.application', version: '8.7.3']
Resolved plugin [id: 'org.jetbrains.kotlin.android', version: '2.0.21']
Resolved plugin [id: 'org.jetbrains.kotlin.plugin.compose', version: '2.0.21']
Resolved plugin [id: 'com.google.devtools.ksp', version: '2.0.21-1.0.25']
Resolved plugin [id: 'com.google.dagger.hilt.android', version: '2.55']
Using default execution profile
Using Kotlin Gradle Plugin gradle85 variant
Detected Android Gradle Plugin compose compiler configuration
Detected Android Gradle Plugin compose compiler configuration
Detected Android Gradle Plugin compose compiler configuration
Detected Android Gradle Plugin compose compiler configuration
Detected Android Gradle Plugin compose compiler configuration
All projects evaluated.
Task name matched 'compileDebugKotlin'
Selected primary task 'compileDebugKotlin' from project :
Tasks to be executed: [task ':app:checkKotlinGradlePluginConfigurationErrors', task ':app:preBuild', task ':app:preDebugBuild', task ':app:checkDebugAarMetadata', task ':app:generateDebugResValues', task ':app:mapDebugSourceSetPaths', task ':app:generateDebugResources', task ':app:mergeDebugResources', task ':app:packageDebugResources', task ':app:parseDebugLocalResources', task ':app:createDebugCompatibleScreenManifests', task ':app:extractDeepLinksDebug', task ':app:processDebugMainManifest', task ':app:processDebugManifest', task ':app:processDebugManifestForPackage', task ':app:processDebugResources', task ':app:kspDebugKotlin', task ':app:compileDebugKotlin']
Tasks that were excluded: []
Resolve mutations for :app:checkKotlinGradlePluginConfigurationErrors (Thread[#1860,Execution worker,5,main]) started.
:app:checkKotlinGradlePluginConfigurationErrors (Thread[#1860,Execution worker,5,main]) started.

> Task :app:checkKotlinGradlePluginConfigurationErrors SKIPPED
Skipping task ':app:checkKotlinGradlePluginConfigurationErrors' as task onlyIf 'errorDiagnostics are present' is false.
Resolve mutations for :app:preBuild (Thread[#1860,Execution worker,5,main]) started.
:app:preBuild (Thread[#1860,Execution worker,5,main]) started.

> Task :app:preBuild UP-TO-DATE
Skipping task ':app:preBuild' as it has no actions.
Resolve mutations for :app:preDebugBuild (Thread[#1860,Execution worker,5,main]) started.
:app:preDebugBuild (Thread[#1862,Execution worker Thread 3,5,main]) started.

> Task :app:preDebugBuild UP-TO-DATE
Skipping task ':app:preDebugBuild' as it has no actions.
Resolve mutations for :app:checkDebugAarMetadata (Thread[#1862,Execution worker Thread 3,5,main]) started.
:app:checkDebugAarMetadata (Thread[#1862,Execution worker Thread 3,5,main]) started.

> Task :app:checkDebugAarMetadata UP-TO-DATE
Caching disabled for task ':app:checkDebugAarMetadata' because:
  Build cache is disabled
  Caching has been disabled for the task
Skipping task ':app:checkDebugAarMetadata' as it is up-to-date.
Resolve mutations for :app:generateDebugResValues (Thread[#1862,Execution worker Thread 3,5,main]) started.
:app:generateDebugResValues (Thread[#1862,Execution worker Thread 3,5,main]) started.

> Task :app:generateDebugResValues UP-TO-DATE
Caching disabled for task ':app:generateDebugResValues' because:
  Build cache is disabled
Skipping task ':app:generateDebugResValues' as it is up-to-date.
Resolve mutations for :app:mapDebugSourceSetPaths (Thread[#1862,Execution worker Thread 3,5,main]) started.
:app:mapDebugSourceSetPaths (Thread[#1862,Execution worker Thread 3,5,main]) started.

> Task :app:mapDebugSourceSetPaths UP-TO-DATE
Caching disabled for task ':app:mapDebugSourceSetPaths' because:
  Build cache is disabled
  Caching has been disabled for the task
Skipping task ':app:mapDebugSourceSetPaths' as it is up-to-date.
Resolve mutations for :app:generateDebugResources (Thread[#1862,Execution worker Thread 3,5,main]) started.
:app:generateDebugResources (Thread[#1862,Execution worker Thread 3,5,main]) started.

> Task :app:generateDebugResources UP-TO-DATE
Caching disabled for task ':app:generateDebugResources' because:
  Build cache is disabled
Skipping task ':app:generateDebugResources' as it is up-to-date.
Resolve mutations for :app:mergeDebugResources (Thread[#1862,Execution worker Thread 3,5,main]) started.
:app:mergeDebugResources (Thread[#1862,Execution worker Thread 3,5,main]) started.

> Task :app:mergeDebugResources UP-TO-DATE
Caching disabled for task ':app:mergeDebugResources' because:
  Build cache is disabled
Skipping task ':app:mergeDebugResources' as it is up-to-date.
Resolve mutations for :app:packageDebugResources (Thread[#1862,Execution worker Thread 3,5,main]) started.
:app:packageDebugResources (Thread[#1862,Execution worker Thread 3,5,main]) started.

> Task :app:packageDebugResources UP-TO-DATE
Caching disabled for task ':app:packageDebugResources' because:
  Build cache is disabled
Skipping task ':app:packageDebugResources' as it is up-to-date.
Resolve mutations for :app:parseDebugLocalResources (Thread[#1862,Execution worker Thread 3,5,main]) started.
:app:parseDebugLocalResources (Thread[#1862,Execution worker Thread 3,5,main]) started.

> Task :app:parseDebugLocalResources UP-TO-DATE
Caching disabled for task ':app:parseDebugLocalResources' because:
  Build cache is disabled
Skipping task ':app:parseDebugLocalResources' as it is up-to-date.
Resolve mutations for :app:createDebugCompatibleScreenManifests (Thread[#1862,Execution worker Thread 3,5,main]) started.
:app:createDebugCompatibleScreenManifests (Thread[#1862,Execution worker Thread 3,5,main]) started.

> Task :app:createDebugCompatibleScreenManifests UP-TO-DATE
Caching disabled for task ':app:createDebugCompatibleScreenManifests' because:
  Build cache is disabled
  Caching has been disabled for the task
Skipping task ':app:createDebugCompatibleScreenManifests' as it is up-to-date.
Resolve mutations for :app:extractDeepLinksDebug (Thread[#1862,Execution worker Thread 3,5,main]) started.
:app:extractDeepLinksDebug (Thread[#1862,Execution worker Thread 3,5,main]) started.

> Task :app:extractDeepLinksDebug UP-TO-DATE
Caching disabled for task ':app:extractDeepLinksDebug' because:
  Build cache is disabled
Skipping task ':app:extractDeepLinksDebug' as it is up-to-date.
Resolve mutations for :app:processDebugMainManifest (Thread[#1862,Execution worker Thread 3,5,main]) started.
:app:processDebugMainManifest (Thread[#1862,Execution worker Thread 3,5,main]) started.

> Task :app:processDebugMainManifest UP-TO-DATE
Caching disabled for task ':app:processDebugMainManifest' because:
  Build cache is disabled
Skipping task ':app:processDebugMainManifest' as it is up-to-date.
Resolve mutations for :app:processDebugManifest (Thread[#1862,Execution worker Thread 3,5,main]) started.
:app:processDebugManifest (Thread[#1862,Execution worker Thread 3,5,main]) started.

> Task :app:processDebugManifest UP-TO-DATE
Caching disabled for task ':app:processDebugManifest' because:
  Build cache is disabled
Skipping task ':app:processDebugManifest' as it is up-to-date.
Resolve mutations for :app:processDebugManifestForPackage (Thread[#1862,Execution worker Thread 3,5,main]) started.
:app:processDebugManifestForPackage (Thread[#1859,included builds,5,main]) started.

> Task :app:processDebugManifestForPackage UP-TO-DATE
Custom actions are attached to task ':app:processDebugManifestForPackage'.
Caching disabled for task ':app:processDebugManifestForPackage' because:
  Build cache is disabled
Skipping task ':app:processDebugManifestForPackage' as it is up-to-date.
Resolve mutations for :app:processDebugResources (Thread[#1859,included builds,5,main]) started.
:app:processDebugResources (Thread[#1859,included builds,5,main]) started.

> Task :app:processDebugResources UP-TO-DATE
Caching disabled for task ':app:processDebugResources' because:
  Build cache is disabled
Skipping task ':app:processDebugResources' as it is up-to-date.
Resolve mutations for :app:kspDebugKotlin (Thread[#1859,included builds,5,main]) started.
:app:kspDebugKotlin (Thread[#1859,included builds,5,main]) started.

> Task :app:kspDebugKotlin UP-TO-DATE
file or directory 'D:\EchoRan\Documents\GitHub\Flow-Focus\app\src\debug\kotlin', not found
file or directory 'D:\EchoRan\Documents\GitHub\Flow-Focus\app\src\debug\java', not found
file or directory 'D:\EchoRan\Documents\GitHub\Flow-Focus\app\src\main\kotlin', not found
file or directory 'D:\EchoRan\Documents\GitHub\Flow-Focus\app\src\debug\java', not found
file or directory 'D:\EchoRan\Documents\GitHub\Flow-Focus\app\src\debug\kotlin', not found
file or directory 'D:\EchoRan\Documents\GitHub\Flow-Focus\app\src\debug\java', not found
file or directory 'D:\EchoRan\Documents\GitHub\Flow-Focus\app\src\main\kotlin', not found
file or directory 'D:\EchoRan\Documents\GitHub\Flow-Focus\app\src\debug\java', not found
Caching disabled for task ':app:kspDebugKotlin' because:
  Build cache is disabled
Skipping task ':app:kspDebugKotlin' as it is up-to-date.
Resolve mutations for :app:compileDebugKotlin (Thread[#1859,included builds,5,main]) started.
:app:compileDebugKotlin (Thread[#1859,included builds,5,main]) started.

> Task :app:compileDebugKotlin FAILED
Caching disabled for task ':app:compileDebugKotlin' because:
  Build cache is disabled
Task ':app:compileDebugKotlin' is not up-to-date because:
  Input property 'sources' file D:\EchoRan\Documents\GitHub\Flow-Focus\app\src\main\java\com\echoran\flowfocus\ui\screens\TaskListScreen.kt has changed.
  Input property 'sources' file D:\EchoRan\Documents\GitHub\Flow-Focus\app\src\main\java\com\echoran\flowfocus\ui\screens\TaskViewModel.kt has changed.
file or directory 'D:\EchoRan\Documents\GitHub\Flow-Focus\app\src\debug\kotlin', not found
file or directory 'D:\EchoRan\Documents\GitHub\Flow-Focus\app\src\debug\java', not found
file or directory 'D:\EchoRan\Documents\GitHub\Flow-Focus\app\src\debug\kotlin', not found
file or directory 'D:\EchoRan\Documents\GitHub\Flow-Focus\app\src\debug\kotlin', not found
file or directory 'D:\EchoRan\Documents\GitHub\Flow-Focus\app\src\debug\java', not found
file or directory 'D:\EchoRan\Documents\GitHub\Flow-Focus\app\src\main\kotlin', not found
file or directory 'D:\EchoRan\Documents\GitHub\Flow-Focus\app\src\main\kotlin', not found
file or directory 'D:\EchoRan\Documents\GitHub\Flow-Focus\app\src\main\kotlin', not found
file or directory 'D:\EchoRan\Documents\GitHub\Flow-Focus\app\src\debug\java', not found
file or directory 'D:\EchoRan\Documents\GitHub\Flow-Focus\app\src\debug\kotlin', not found
file or directory 'D:\EchoRan\Documents\GitHub\Flow-Focus\app\src\debug\java', not found
file or directory 'D:\EchoRan\Documents\GitHub\Flow-Focus\app\src\debug\kotlin', not found
file or directory 'D:\EchoRan\Documents\GitHub\Flow-Focus\app\src\debug\kotlin', not found
file or directory 'D:\EchoRan\Documents\GitHub\Flow-Focus\app\src\debug\java', not found
file or directory 'D:\EchoRan\Documents\GitHub\Flow-Focus\app\src\main\kotlin', not found
file or directory 'D:\EchoRan\Documents\GitHub\Flow-Focus\app\src\main\kotlin', not found
file or directory 'D:\EchoRan\Documents\GitHub\Flow-Focus\app\src\main\kotlin', not found
file or directory 'D:\EchoRan\Documents\GitHub\Flow-Focus\app\src\debug\java', not found
file or directory 'D:\EchoRan\Documents\GitHub\Flow-Focus\app\src\debug\kotlin', not found
file or directory 'D:\EchoRan\Documents\GitHub\Flow-Focus\app\src\debug\java', not found
file or directory 'D:\EchoRan\Documents\GitHub\Flow-Focus\app\src\debug\kotlin', not found
file or directory 'D:\EchoRan\Documents\GitHub\Flow-Focus\app\src\debug\kotlin', not found
file or directory 'D:\EchoRan\Documents\GitHub\Flow-Focus\app\src\debug\java', not found
file or directory 'D:\EchoRan\Documents\GitHub\Flow-Focus\app\src\main\kotlin', not found
file or directory 'D:\EchoRan\Documents\GitHub\Flow-Focus\app\src\main\kotlin', not found
file or directory 'D:\EchoRan\Documents\GitHub\Flow-Focus\app\src\main\kotlin', not found
file or directory 'D:\EchoRan\Documents\GitHub\Flow-Focus\app\src\debug\java', not found
file or directory 'D:\EchoRan\Documents\GitHub\Flow-Focus\app\src\debug\kotlin', not found
file or directory 'D:\EchoRan\Documents\GitHub\Flow-Focus\app\src\debug\java', not found
file or directory 'D:\EchoRan\Documents\GitHub\Flow-Focus\app\src\debug\kotlin', not found
file or directory 'D:\EchoRan\Documents\GitHub\Flow-Focus\app\src\debug\kotlin', not found
file or directory 'D:\EchoRan\Documents\GitHub\Flow-Focus\app\src\debug\java', not found
file or directory 'D:\EchoRan\Documents\GitHub\Flow-Focus\app\src\main\kotlin', not found
file or directory 'D:\EchoRan\Documents\GitHub\Flow-Focus\app\src\main\kotlin', not found
file or directory 'D:\EchoRan\Documents\GitHub\Flow-Focus\app\src\main\kotlin', not found
file or directory 'D:\EchoRan\Documents\GitHub\Flow-Focus\app\src\debug\java', not found
Kotlin source files: D:\EchoRan\Documents\GitHub\Flow-Focus\app\src\main\java\com\echoran\flowfocus\data\AppDatabase.kt, D:\EchoRan\Documents\GitHub\Flow-Focus\app\src\main\java\com\echoran\flowfocus\data\dao\FocusSessionDao.kt, D:\EchoRan\Documents\GitHub\Flow-Focus\app\src\main\java\com\echoran\flowfocus\data\dao\TaskDao.kt, D:\EchoRan\Documents\GitHub\Flow-Focus\app\src\main\java\com\echoran\flowfocus\data\dao\WhitelistedAppDao.kt, D:\EchoRan\Documents\GitHub\Flow-Focus\app\src\main\java\com\echoran\flowfocus\data\model\FocusSessionEntity.kt, D:\EchoRan\Documents\GitHub\Flow-Focus\app\src\main\java\com\echoran\flowfocus\data\model\TaskEntity.kt, D:\EchoRan\Documents\GitHub\Flow-Focus\app\src\main\java\com\echoran\flowfocus\data\model\WhitelistedAppEntity.kt, D:\EchoRan\Documents\GitHub\Flow-Focus\app\src\main\java\com\echoran\flowfocus\data\repository\FocusSessionRepository.kt, D:\EchoRan\Documents\GitHub\Flow-Focus\app\src\main\java\com\echoran\flowfocus\data\repository\SettingsRepository.kt, D:\EchoRan\Documents\GitHub\Flow-Focus\app\src\main\java\com\echoran\flowfocus\data\repository\TaskRepository.kt, D:\EchoRan\Documents\GitHub\Flow-Focus\app\src\main\java\com\echoran\flowfocus\data\repository\WhitelistedAppRepository.kt, D:\EchoRan\Documents\GitHub\Flow-Focus\app\src\main\java\com\echoran\flowfocus\di\AudioModule.kt, D:\EchoRan\Documents\GitHub\Flow-Focus\app\src\main\java\com\echoran\flowfocus\di\DatabaseModule.kt, D:\EchoRan\Documents\GitHub\Flow-Focus\app\src\main\java\com\echoran\flowfocus\di\NetworkModule.kt, D:\EchoRan\Documents\GitHub\Flow-Focus\app\src\main\java\com\echoran\flowfocus\FlowFocusApp.kt, D:\EchoRan\Documents\GitHub\Flow-Focus\app\src\main\java\com\echoran\flowfocus\MainActivity.kt, D:\EchoRan\Documents\GitHub\Flow-Focus\app\src\main\java\com\echoran\flowfocus\service\FocusManager.kt, D:\EchoRan\Documents\GitHub\Flow-Focus\app\src\main\java\com\echoran\flowfocus\service\NotificationBlockerService.kt, D:\EchoRan\Documents\GitHub\Flow-Focus\app\src\main\java\com\echoran\flowfocus\service\StrictModeAccessibilityService.kt, D:\EchoRan\Documents\GitHub\Flow-Focus\app\src\main\java\com\echoran\flowfocus\service\TimerService.kt, D:\EchoRan\Documents\GitHub\Flow-Focus\app\src\main\java\com\echoran\flowfocus\ui\InterceptActivity.kt, D:\EchoRan\Documents\GitHub\Flow-Focus\app\src\main\java\com\echoran\flowfocus\ui\navigation\NavGraph.kt, D:\EchoRan\Documents\GitHub\Flow-Focus\app\src\main\java\com\echoran\flowfocus\ui\screens\SettingsScreen.kt, D:\EchoRan\Documents\GitHub\Flow-Focus\app\src\main\java\com\echoran\flowfocus\ui\screens\StatisticsScreen.kt, D:\EchoRan\Documents\GitHub\Flow-Focus\app\src\main\java\com\echoran\flowfocus\ui\screens\StatisticsViewModel.kt, D:\EchoRan\Documents\GitHub\Flow-Focus\app\src\main\java\com\echoran\flowfocus\ui\screens\TaskListScreen.kt, D:\EchoRan\Documents\GitHub\Flow-Focus\app\src\main\java\com\echoran\flowfocus\ui\screens\TaskViewModel.kt, D:\EchoRan\Documents\GitHub\Flow-Focus\app\src\main\java\com\echoran\flowfocus\ui\screens\TimerScreen.kt, D:\EchoRan\Documents\GitHub\Flow-Focus\app\src\main\java\com\echoran\flowfocus\ui\screens\TimerViewModel.kt, D:\EchoRan\Documents\GitHub\Flow-Focus\app\src\main\java\com\echoran\flowfocus\ui\screens\WhitelistScreen.kt, D:\EchoRan\Documents\GitHub\Flow-Focus\app\src\main\java\com\echoran\flowfocus\ui\screens\WhitelistViewModel.kt, D:\EchoRan\Documents\GitHub\Flow-Focus\app\src\main\java\com\echoran\flowfocus\ui\screens\WhiteNoiseViewModel.kt, D:\EchoRan\Documents\GitHub\Flow-Focus\app\src\main\java\com\echoran\flowfocus\ui\theme\Color.kt, D:\EchoRan\Documents\GitHub\Flow-Focus\app\src\main\java\com\echoran\flowfocus\ui\theme\Theme.kt, D:\EchoRan\Documents\GitHub\Flow-Focus\app\src\main\java\com\echoran\flowfocus\ui\theme\Type.kt, D:\EchoRan\Documents\GitHub\Flow-Focus\app\src\main\java\com\echoran\flowfocus\worker\WebDavWorker.kt
Java source files: D:\EchoRan\Documents\GitHub\Flow-Focus\app\build\generated\ksp\debug\java\com\echoran\flowfocus\data\AppDatabase_Impl.java, D:\EchoRan\Documents\GitHub\Flow-Focus\app\build\generated\ksp\debug\java\com\echoran\flowfocus\data\dao\FocusSessionDao_Impl.java, D:\EchoRan\Documents\GitHub\Flow-Focus\app\build\generated\ksp\debug\java\com\echoran\flowfocus\data\dao\TaskDao_Impl.java, D:\EchoRan\Documents\GitHub\Flow-Focus\app\build\generated\ksp\debug\java\com\echoran\flowfocus\data\dao\WhitelistedAppDao_Impl.java, D:\EchoRan\Documents\GitHub\Flow-Focus\app\build\generated\ksp\debug\java\com\echoran\flowfocus\data\repository\FocusSessionRepository_Factory.java, D:\EchoRan\Documents\GitHub\Flow-Focus\app\build\generated\ksp\debug\java\com\echoran\flowfocus\data\repository\SettingsRepository_Factory.java, D:\EchoRan\Documents\GitHub\Flow-Focus\app\build\generated\ksp\debug\java\com\echoran\flowfocus\data\repository\TaskRepository_Factory.java, D:\EchoRan\Documents\GitHub\Flow-Focus\app\build\generated\ksp\debug\java\com\echoran\flowfocus\data\repository\WhitelistedAppRepository_Factory.java, D:\EchoRan\Documents\GitHub\Flow-Focus\app\build\generated\ksp\debug\java\com\echoran\flowfocus\di\AudioModule_ProvideExoPlayerFactory.java, D:\EchoRan\Documents\GitHub\Flow-Focus\app\build\generated\ksp\debug\java\com\echoran\flowfocus\di\DatabaseModule_ProvideAppDatabaseFactory.java, D:\EchoRan\Documents\GitHub\Flow-Focus\app\build\generated\ksp\debug\java\com\echoran\flowfocus\di\DatabaseModule_ProvideFocusSessionDaoFactory.java, D:\EchoRan\Documents\GitHub\Flow-Focus\app\build\generated\ksp\debug\java\com\echoran\flowfocus\di\DatabaseModule_ProvideTaskDaoFactory.java, D:\EchoRan\Documents\GitHub\Flow-Focus\app\build\generated\ksp\debug\java\com\echoran\flowfocus\di\DatabaseModule_ProvideWhitelistedAppDaoFactory.java, D:\EchoRan\Documents\GitHub\Flow-Focus\app\build\generated\ksp\debug\java\com\echoran\flowfocus\di\NetworkModule_ProvideOkHttpClientFactory.java, D:\EchoRan\Documents\GitHub\Flow-Focus\app\build\generated\ksp\debug\java\com\echoran\flowfocus\di\NetworkModule_ProvideRetrofitFactory.java, D:\EchoRan\Documents\GitHub\Flow-Focus\app\build\generated\ksp\debug\java\com\echoran\flowfocus\FlowFocusApp_GeneratedInjector.java, D:\EchoRan\Documents\GitHub\Flow-Focus\app\build\generated\ksp\debug\java\com\echoran\flowfocus\FlowFocusApp_MembersInjector.java, D:\EchoRan\Documents\GitHub\Flow-Focus\app\build\generated\ksp\debug\java\com\echoran\flowfocus\Hilt_MainActivity.java, D:\EchoRan\Documents\GitHub\Flow-Focus\app\build\generated\ksp\debug\java\com\echoran\flowfocus\MainActivity_GeneratedInjector.java, D:\EchoRan\Documents\GitHub\Flow-Focus\app\build\generated\ksp\debug\java\com\echoran\flowfocus\service\FocusManager_Factory.java, D:\EchoRan\Documents\GitHub\Flow-Focus\app\build\generated\ksp\debug\java\com\echoran\flowfocus\service\Hilt_NotificationBlockerService.java, D:\EchoRan\Documents\GitHub\Flow-Focus\app\build\generated\ksp\debug\java\com\echoran\flowfocus\service\Hilt_TimerService.java, D:\EchoRan\Documents\GitHub\Flow-Focus\app\build\generated\ksp\debug\java\com\echoran\flowfocus\service\NotificationBlockerService_GeneratedInjector.java, D:\EchoRan\Documents\GitHub\Flow-Focus\app\build\generated\ksp\debug\java\com\echoran\flowfocus\service\NotificationBlockerService_MembersInjector.java, D:\EchoRan\Documents\GitHub\Flow-Focus\app\build\generated\ksp\debug\java\com\echoran\flowfocus\service\TimerService_GeneratedInjector.java, D:\EchoRan\Documents\GitHub\Flow-Focus\app\build\generated\ksp\debug\java\com\echoran\flowfocus\service\TimerService_MembersInjector.java, D:\EchoRan\Documents\GitHub\Flow-Focus\app\build\generated\ksp\debug\java\com\echoran\flowfocus\ui\screens\SettingsViewModel_Factory.java, D:\EchoRan\Documents\GitHub\Flow-Focus\app\build\generated\ksp\debug\java\com\echoran\flowfocus\ui\screens\SettingsViewModel_HiltModules.java, D:\EchoRan\Documents\GitHub\Flow-Focus\app\build\generated\ksp\debug\java\com\echoran\flowfocus\ui\screens\SettingsViewModel_HiltModules_BindsModule_Binds_LazyMapKey.java, D:\EchoRan\Documents\GitHub\Flow-Focus\app\build\generated\ksp\debug\java\com\echoran\flowfocus\ui\screens\SettingsViewModel_HiltModules_KeyModule_ProvideFactory.java, D:\EchoRan\Documents\GitHub\Flow-Focus\app\build\generated\ksp\debug\java\com\echoran\flowfocus\ui\screens\SettingsViewModel_HiltModules_KeyModule_Provide_LazyMapKey.java, D:\EchoRan\Documents\GitHub\Flow-Focus\app\build\generated\ksp\debug\java\com\echoran\flowfocus\ui\screens\StatisticsViewModel_Factory.java, D:\EchoRan\Documents\GitHub\Flow-Focus\app\build\generated\ksp\debug\java\com\echoran\flowfocus\ui\screens\StatisticsViewModel_HiltModules.java, D:\EchoRan\Documents\GitHub\Flow-Focus\app\build\generated\ksp\debug\java\com\echoran\flowfocus\ui\screens\StatisticsViewModel_HiltModules_BindsModule_Binds_LazyMapKey.java, D:\EchoRan\Documents\GitHub\Flow-Focus\app\build\generated\ksp\debug\java\com\echoran\flowfocus\ui\screens\StatisticsViewModel_HiltModules_KeyModule_ProvideFactory.java, D:\EchoRan\Documents\GitHub\Flow-Focus\app\build\generated\ksp\debug\java\com\echoran\flowfocus\ui\screens\StatisticsViewModel_HiltModules_KeyModule_Provide_LazyMapKey.java, D:\EchoRan\Documents\GitHub\Flow-Focus\app\build\generated\ksp\debug\java\com\echoran\flowfocus\ui\screens\TaskViewModel_Factory.java, D:\EchoRan\Documents\GitHub\Flow-Focus\app\build\generated\ksp\debug\java\com\echoran\flowfocus\ui\screens\TaskViewModel_HiltModules.java, D:\EchoRan\Documents\GitHub\Flow-Focus\app\build\generated\ksp\debug\java\com\echoran\flowfocus\ui\screens\TaskViewModel_HiltModules_BindsModule_Binds_LazyMapKey.java, D:\EchoRan\Documents\GitHub\Flow-Focus\app\build\generated\ksp\debug\java\com\echoran\flowfocus\ui\screens\TaskViewModel_HiltModules_KeyModule_ProvideFactory.java, D:\EchoRan\Documents\GitHub\Flow-Focus\app\build\generated\ksp\debug\java\com\echoran\flowfocus\ui\screens\TaskViewModel_HiltModules_KeyModule_Provide_LazyMapKey.java, D:\EchoRan\Documents\GitHub\Flow-Focus\app\build\generated\ksp\debug\java\com\echoran\flowfocus\ui\screens\TimerViewModel_Factory.java, D:\EchoRan\Documents\GitHub\Flow-Focus\app\build\generated\ksp\debug\java\com\echoran\flowfocus\ui\screens\TimerViewModel_HiltModules.java, D:\EchoRan\Documents\GitHub\Flow-Focus\app\build\generated\ksp\debug\java\com\echoran\flowfocus\ui\screens\TimerViewModel_HiltModules_BindsModule_Binds_LazyMapKey.java, D:\EchoRan\Documents\GitHub\Flow-Focus\app\build\generated\ksp\debug\java\com\echoran\flowfocus\ui\screens\TimerViewModel_HiltModules_KeyModule_ProvideFactory.java, D:\EchoRan\Documents\GitHub\Flow-Focus\app\build\generated\ksp\debug\java\com\echoran\flowfocus\ui\screens\TimerViewModel_HiltModules_KeyModule_Provide_LazyMapKey.java, D:\EchoRan\Documents\GitHub\Flow-Focus\app\build\generated\ksp\debug\java\com\echoran\flowfocus\ui\screens\WhitelistViewModel_Factory.java, D:\EchoRan\Documents\GitHub\Flow-Focus\app\build\generated\ksp\debug\java\com\echoran\flowfocus\ui\screens\WhitelistViewModel_HiltModules.java, D:\EchoRan\Documents\GitHub\Flow-Focus\app\build\generated\ksp\debug\java\com\echoran\flowfocus\ui\screens\WhitelistViewModel_HiltModules_BindsModule_Binds_LazyMapKey.java, D:\EchoRan\Documents\GitHub\Flow-Focus\app\build\generated\ksp\debug\java\com\echoran\flowfocus\ui\screens\WhitelistViewModel_HiltModules_KeyModule_ProvideFactory.java, D:\EchoRan\Documents\GitHub\Flow-Focus\app\build\generated\ksp\debug\java\com\echoran\flowfocus\ui\screens\WhitelistViewModel_HiltModules_KeyModule_Provide_LazyMapKey.java, D:\EchoRan\Documents\GitHub\Flow-Focus\app\build\generated\ksp\debug\java\com\echoran\flowfocus\ui\screens\WhiteNoiseViewModel_Factory.java, D:\EchoRan\Documents\GitHub\Flow-Focus\app\build\generated\ksp\debug\java\com\echoran\flowfocus\ui\screens\WhiteNoiseViewModel_HiltModules.java, D:\EchoRan\Documents\GitHub\Flow-Focus\app\build\generated\ksp\debug\java\com\echoran\flowfocus\ui\screens\WhiteNoiseViewModel_HiltModules_BindsModule_Binds_LazyMapKey.java, D:\EchoRan\Documents\GitHub\Flow-Focus\app\build\generated\ksp\debug\java\com\echoran\flowfocus\ui\screens\WhiteNoiseViewModel_HiltModules_KeyModule_ProvideFactory.java, D:\EchoRan\Documents\GitHub\Flow-Focus\app\build\generated\ksp\debug\java\com\echoran\flowfocus\ui\screens\WhiteNoiseViewModel_HiltModules_KeyModule_Provide_LazyMapKey.java, D:\EchoRan\Documents\GitHub\Flow-Focus\app\build\generated\ksp\debug\java\com\echoran\flowfocus\worker\WebDavWorker_AssistedFactory.java, D:\EchoRan\Documents\GitHub\Flow-Focus\app\build\generated\ksp\debug\java\com\echoran\flowfocus\worker\WebDavWorker_AssistedFactory_Impl.java, D:\EchoRan\Documents\GitHub\Flow-Focus\app\build\generated\ksp\debug\java\com\echoran\flowfocus\worker\WebDavWorker_Factory.java, D:\EchoRan\Documents\GitHub\Flow-Focus\app\build\generated\ksp\debug\java\com\echoran\flowfocus\worker\WebDavWorker_HiltModule.java, D:\EchoRan\Documents\GitHub\Flow-Focus\app\build\generated\ksp\debug\java\dagger\hilt\internal\aggregatedroot\codegen\_com_echoran_flowfocus_FlowFocusApp.java, D:\EchoRan\Documents\GitHub\Flow-Focus\app\build\generated\ksp\debug\java\hilt_aggregated_deps\_com_echoran_flowfocus_di_AudioModule.java, D:\EchoRan\Documents\GitHub\Flow-Focus\app\build\generated\ksp\debug\java\hilt_aggregated_deps\_com_echoran_flowfocus_di_DatabaseModule.java, D:\EchoRan\Documents\GitHub\Flow-Focus\app\build\generated\ksp\debug\java\hilt_aggregated_deps\_com_echoran_flowfocus_di_NetworkModule.java, D:\EchoRan\Documents\GitHub\Flow-Focus\app\build\generated\ksp\debug\java\hilt_aggregated_deps\_com_echoran_flowfocus_FlowFocusApp_GeneratedInjector.java, D:\EchoRan\Documents\GitHub\Flow-Focus\app\build\generated\ksp\debug\java\hilt_aggregated_deps\_com_echoran_flowfocus_MainActivity_GeneratedInjector.java, D:\EchoRan\Documents\GitHub\Flow-Focus\app\build\generated\ksp\debug\java\hilt_aggregated_deps\_com_echoran_flowfocus_service_NotificationBlockerService_GeneratedInjector.java, D:\EchoRan\Documents\GitHub\Flow-Focus\app\build\generated\ksp\debug\java\hilt_aggregated_deps\_com_echoran_flowfocus_service_StrictModeAccessibilityService_StrictModeEntryPoint.java, D:\EchoRan\Documents\GitHub\Flow-Focus\app\build\generated\ksp\debug\java\hilt_aggregated_deps\_com_echoran_flowfocus_service_TimerService_GeneratedInjector.java, D:\EchoRan\Documents\GitHub\Flow-Focus\app\build\generated\ksp\debug\java\hilt_aggregated_deps\_com_echoran_flowfocus_ui_screens_SettingsViewModel_HiltModules_BindsModule.java, D:\EchoRan\Documents\GitHub\Flow-Focus\app\build\generated\ksp\debug\java\hilt_aggregated_deps\_com_echoran_flowfocus_ui_screens_SettingsViewModel_HiltModules_KeyModule.java, D:\EchoRan\Documents\GitHub\Flow-Focus\app\build\generated\ksp\debug\java\hilt_aggregated_deps\_com_echoran_flowfocus_ui_screens_StatisticsViewModel_HiltModules_BindsModule.java, D:\EchoRan\Documents\GitHub\Flow-Focus\app\build\generated\ksp\debug\java\hilt_aggregated_deps\_com_echoran_flowfocus_ui_screens_StatisticsViewModel_HiltModules_KeyModule.java, D:\EchoRan\Documents\GitHub\Flow-Focus\app\build\generated\ksp\debug\java\hilt_aggregated_deps\_com_echoran_flowfocus_ui_screens_TaskViewModel_HiltModules_BindsModule.java, D:\EchoRan\Documents\GitHub\Flow-Focus\app\build\generated\ksp\debug\java\hilt_aggregated_deps\_com_echoran_flowfocus_ui_screens_TaskViewModel_HiltModules_KeyModule.java, D:\EchoRan\Documents\GitHub\Flow-Focus\app\build\generated\ksp\debug\java\hilt_aggregated_deps\_com_echoran_flowfocus_ui_screens_TimerViewModel_HiltModules_BindsModule.java, D:\EchoRan\Documents\GitHub\Flow-Focus\app\build\generated\ksp\debug\java\hilt_aggregated_deps\_com_echoran_flowfocus_ui_screens_TimerViewModel_HiltModules_KeyModule.java, D:\EchoRan\Documents\GitHub\Flow-Focus\app\build\generated\ksp\debug\java\hilt_aggregated_deps\_com_echoran_flowfocus_ui_screens_WhitelistViewModel_HiltModules_BindsModule.java, D:\EchoRan\Documents\GitHub\Flow-Focus\app\build\generated\ksp\debug\java\hilt_aggregated_deps\_com_echoran_flowfocus_ui_screens_WhitelistViewModel_HiltModules_KeyModule.java, D:\EchoRan\Documents\GitHub\Flow-Focus\app\build\generated\ksp\debug\java\hilt_aggregated_deps\_com_echoran_flowfocus_ui_screens_WhiteNoiseViewModel_HiltModules_BindsModule.java, D:\EchoRan\Documents\GitHub\Flow-Focus\app\build\generated\ksp\debug\java\hilt_aggregated_deps\_com_echoran_flowfocus_ui_screens_WhiteNoiseViewModel_HiltModules_KeyModule.java, D:\EchoRan\Documents\GitHub\Flow-Focus\app\build\generated\ksp\debug\java\hilt_aggregated_deps\_com_echoran_flowfocus_worker_WebDavWorker_HiltModule.java
Script source files: 
Script file extensions: 
Using Kotlin/JVM incremental compilation
[KOTLIN] Kotlin compilation 'jdkHome' argument: null
Options for KOTLIN DAEMON: IncrementalCompilationOptions(super=CompilationOptions(compilerMode=INCREMENTAL_COMPILER, targetPlatform=JVM, reportCategories=[0, 3], reportSeverity=2, requestedCompilationResults=[0], kotlinScriptExtensions=[]), areFileChangesKnown=true, modifiedFiles=[D:\EchoRan\Documents\GitHub\Flow-Focus\app\src\main\java\com\echoran\flowfocus\ui\screens\TaskListScreen.kt, D:\EchoRan\Documents\GitHub\Flow-Focus\app\src\main\java\com\echoran\flowfocus\ui\screens\TaskViewModel.kt], deletedFiles=[], classpathChanges=NoChanges, workingDir=D:\EchoRan\Documents\GitHub\Flow-Focus\app\build\kotlin\compileDebugKotlin\cacheable, multiModuleICSettings=MultiModuleICSettings(buildHistoryFile=D:\EchoRan\Documents\GitHub\Flow-Focus\app\build\kotlin\compileDebugKotlin\local-state\build-history.bin, useModuleDetection=true), usePreciseJavaTracking=true, icFeatures=IncrementalCompilationFeatures(withAbiSnapshot=false, preciseCompilationResultsBackup=true, keepIncrementalCompilationCachesInMemory=true, enableUnsafeIncrementalCompilationForMultiplatform=false), outputFiles=[D:\EchoRan\Documents\GitHub\Flow-Focus\app\build\tmp\kotlin-classes\debug, D:\EchoRan\Documents\GitHub\Flow-Focus\app\build\kotlin\compileDebugKotlin\cacheable, D:\EchoRan\Documents\GitHub\Flow-Focus\app\build\kotlin\compileDebugKotlin\local-state])
Finished executing kotlin compiler using DAEMON strategy
Restoring task outputs to pre-compilation state

[Incubating] Problems report is available at: file:///D:/EchoRan/Documents/GitHub/Flow-Focus/build/reports/problems/problems-report.html

Deprecated Gradle features were used in this build, making it incompatible with Gradle 10.

You can use '--warning-mode all' to show the individual deprecation warnings and determine if they come from your own scripts or plugins.

For more on this, please refer to https://docs.gradle.org/9.1.0/userguide/command_line_interface.html#sec:command_line_warnings in the Gradle documentation.
15 actionable tasks: 1 executed, 14 up-to-date
Watched directory hierarchies: [D:\EchoRan\Documents\GitHub\Flow-Focus]
